// Jest Snapshot v1, https://goo.gl/fbAQLP

exports[`Calendar page should be displayed 1`] = `
"[36m<div>[39m
  [36m<div[39m
    [33mclass[39m=[32m\\"sc-bdfBQB gOWVrL\\"[39m
  [36m>[39m
    [36m<div[39m
      [33mclass[39m=[32m\\"MuiGrid-root MuiGrid-container\\"[39m
    [36m>[39m
      [36m<div[39m
        [33mclass[39m=[32m\\"MuiGrid-root MuiGrid-item MuiGrid-grid-xs-11\\"[39m
      [36m>[39m
        [36m<div[39m
          [33mclass[39m=[32m\\"MuiGrid-root MuiGrid-container MuiGrid-justify-content-xs-flex-end\\"[39m
        [36m>[39m
          [36m<div[39m
            [33mclass[39m=[32m\\"MuiGrid-root MuiGrid-item MuiGrid-grid-xs-4 MuiGrid-grid-md-1\\"[39m
            [33msx[39m=[32m\\"[object Object]\\"[39m
          [36m>[39m
            [36m<button[39m
              [33mclass[39m=[32m\\"cursor-pointer\\"[39m
            [36m>[39m
              [0mPrevious[0m
            [36m</button>[39m
          [36m</div>[39m
          [36m<div[39m
            [33mclass[39m=[32m\\"MuiGrid-root MuiGrid-item MuiGrid-grid-xs-4 MuiGrid-grid-md-1\\"[39m
            [33msx[39m=[32m\\"[object Object]\\"[39m
          [36m>[39m
            [0mSeptember[0m
          [36m</div>[39m
          [36m<div[39m
            [33mclass[39m=[32m\\"MuiGrid-root MuiGrid-item MuiGrid-grid-xs-4 MuiGrid-grid-md-1\\"[39m
            [33msx[39m=[32m\\"[object Object]\\"[39m
          [36m>[39m
            [36m<button[39m
              [33mclass[39m=[32m\\"cursor-pointer\\"[39m
            [36m>[39m
              [0mNext[0m
            [36m</button>[39m
          [36m</div>[39m
        [36m</div>[39m
        [36m<div[39m
          [33mclass[39m=[32m\\"rc-bg-white rc-border-l-2 rc-border-t-2\\"[39m
        [36m>[39m
          [36m<div[39m
            [33mclass[39m=[32m\\"rc-grid rc-grid-cols-1 sm:rc-grid-cols-2 md:rc-grid-cols-4 lg:rc-grid-cols-6\\"[39m
          [36m>[39m
            [36m<div[39m
              [33maria-label[39m=[32m\\"Day of Week\\"[39m
              [33mclass[39m=[32m\\"rc-border-b-2 rc-p-2 rc-border-r-2 lg:rc-block rc-hidden\\"[39m
            [36m>[39m
              [0mMonday[0m
            [36m</div>[39m
            [36m<div[39m
              [33maria-label[39m=[32m\\"Day of Week\\"[39m
              [33mclass[39m=[32m\\"rc-border-b-2 rc-p-2 rc-border-r-2 lg:rc-block rc-hidden\\"[39m
            [36m>[39m
              [0mTuesday[0m
            [36m</div>[39m
            [36m<div[39m
              [33maria-label[39m=[32m\\"Day of Week\\"[39m
              [33mclass[39m=[32m\\"rc-border-b-2 rc-p-2 rc-border-r-2 lg:rc-block rc-hidden\\"[39m
            [36m>[39m
              [0mWednesday[0m
            [36m</div>[39m
            [36m<div[39m
              [33maria-label[39m=[32m\\"Day of Week\\"[39m
              [33mclass[39m=[32m\\"rc-border-b-2 rc-p-2 rc-border-r-2 lg:rc-block rc-hidden\\"[39m
            [36m>[39m
              [0mThursday[0m
            [36m</div>[39m
            [36m<div[39m
              [33maria-label[39m=[32m\\"Day of Week\\"[39m
              [33mclass[39m=[32m\\"rc-border-b-2 rc-p-2 rc-border-r-2 lg:rc-block rc-hidden\\"[39m
            [36m>[39m
              [0mFriday[0m
            [36m</div>[39m
            [36m<div[39m
              [33maria-label[39m=[32m\\"Day of Week\\"[39m
              [33mclass[39m=[32m\\"rc-border-b-2 rc-p-2 rc-border-r-2 lg:rc-block rc-hidden\\"[39m
            [36m>[39m
              [0mSaturday[0m
            [36m</div>[39m
            [36m<div[39m
              [33maria-label[39m=[32m\\"Empty Day\\"[39m
              [33mclass[39m=[32m\\"rc-border-b-2 rc-p-2 rc-border-r-2 lg:rc-block rc-hidden\\"[39m
            [36m/>[39m
            [36m<div[39m
              [33maria-label[39m=[32m\\"Empty Day\\"[39m
              [33mclass[39m=[32m\\"rc-border-b-2 rc-p-2 rc-border-r-2 lg:rc-block rc-hidden\\"[39m
            [36m/>[39m
            [36m<div[39m
              [33maria-label[39m=[32m\\"Events for day 1\\"[39m
              [33mclass[39m=[32m\\"rc-h-48 rc-p-2 rc-border-b-2 rc-border-r-2 MuiBox-root css-cxmp86\\"[39m
              [33mdirection[39m=[32m\\"row\\"[39m
            [36m>[39m
              [36m<div[39m
                [33mclass[39m=[32m\\"MuiGrid-root rc-flex rc-justify-between\\"[39m
              [36m>[39m
                [36m<div[39m
                  [33mclass[39m=[32m\\"MuiGrid-root rc-font-bold MuiGrid-item\\"[39m
                [36m>[39m
                  [0m1[0m
                [36m</div>[39m
                [36m<div[39m
                  [33mclass[39m=[32m\\"MuiGrid-root lg:rc-hidden rc-block MuiGrid-item\\"[39m
                [36m>[39m
                  [0mWednesday[0m
                [36m</div>[39m
              [36m</div>[39m
              [36m<div[39m
                [33mclass[39m=[32m\\"MuiGrid-root\\"[39m
              [36m>[39m
                [36m<ul[39m
                  [33mclass[39m=[32m\\"MuiList-root MuiList-padding rc-divide-gray-200 rc-divide-y rc-overflow-hidden rc-max-h-36 rc-overflow-y-auto css-h4y409-MuiList-root\\"[39m
                [36m>[39m
                  [36m<div[39m
                    [33mclass[39m=[32m\\"MuiGrid-root MuiGrid-container MuiGrid-spacing-xs-undefined css-11lq3yg-MuiGrid-root\\"[39m
                  [36m>[39m
                    [36m<div[39m
                      [33mclass[39m=[32m\\"MuiGrid-root MuiGrid-container MuiGrid-spacing-xs-undefined css-11lq3yg-MuiGrid-root\\"[39m
                    [36m>[39m
                      [36m<div[39m
                        [33mclass[39m=[32m\\"MuiGrid-root MuiGrid-item MuiGrid-grid-xs-12 css-1em9ut6-MuiGrid-root\\"[39m
                      [36m>[39m
                        [36m<div[39m
                          [33mclass[39m=[32m\\"MuiBox-root css-1bvc4cc\\"[39m
                        [36m>[39m
                          [36m<button[39m
                            [33mclass[39m=[32m\\"MuiButtonBase-root MuiIconButton-root MuiIconButton-sizeMedium css-78trlr-MuiButtonBase-root-MuiIconButton-root\\"[39m
                            [33mtabindex[39m=[32m\\"0\\"[39m
                            [33mtype[39m=[32m\\"button\\"[39m
                          [36m>[39m
                            [36m<svg[39m
                              [33maria-hidden[39m=[32m\\"true\\"[39m
                              [33mclass[39m=[32m\\"MuiSvgIcon-root MuiSvgIcon-fontSizeSmall css-ptiqhd-MuiSvgIcon-root\\"[39m
                              [33mdata-testid[39m=[32m\\"AddIcon\\"[39m
                              [33mfocusable[39m=[32m\\"false\\"[39m
                              [33mviewBox[39m=[32m\\"0 0 24 24\\"[39m
                            [36m>[39m
                              [36m<path[39m
                                [33md[39m=[32m\\"M19 13h-6v6h-2v-6H5v-2h6V5h2v6h6v2z\\"[39m
                              [36m/>[39m
                            [36m</svg>[39m
                            [36m<span[39m
                              [33mclass[39..."
`;
